C51 COMPILER V9.01   CALC                                                                  05/10/2016 23:03:05 PAGE 1   


C51 COMPILER V9.01, COMPILATION OF MODULE CALC
OBJECT MODULE PLACED IN .\LINKING\Output\calc.obj
COMPILER INVOKED BY: C:\Keil_v4\C51\BIN\C51.EXE USR\calc.c BROWSE INCDIR(.\DRI;.\SYS;.\USR) DEBUG OBJECTEXTEND PRINT(.\L
                    -INKING\Listings\calc.lst) OBJECT(.\LINKING\Output\calc.obj)

line level    source

   1          #include<reg52.h>
   2          #include<keyscan_basic.h>
   3          #include<hc165.h>
   4          int num_temp = 0;
   5          unsigned char buf[12];
   6          unsigned char step = 0;
   7          unsigned char LongToString(int dat){
   8   1          signed char i = 0;
   9   1          unsigned char len = 0;
  10   1         
  11   1          if (dat < 0){
  12   2              dat = -dat;
  13   2              buf[0] = '-';
  14   2                      i++;
  15   2                      len++;
  16   2          }
  17   1         
  18   1          do {
  19   2              buf[i] = dat % 10;
  20   2                      i++;
  21   2              dat /= 10;
  22   2          } while (dat > 0);
  23   1          len += i; 
  24   1              return len;
  25   1      }
  26          
  27          int num_transfer(unsigned char key) {
  28   1              num_temp = num_temp*10 + keyscan_tranfer(key);
  29   1              return num_temp;
  30   1      }
  31          
  32          int num_calculate(unsigned char key) {
  33   1              int data_1,data_2,result;
  34   1              if(step == 0)
  35   1                      data_1 = num_transfer(key);
  36   1              else
  37   1                      data_2 = num_transfer(key);
  38   1              switch(key) {
  39   2                      case 0x80: result = data_1 + data_2; step = 0; return result;
  40   2                      default: return 0;
  41   2              }       
  42   1      } 
  43          


MODULE INFORMATION:   STATIC OVERLAYABLE
   CODE SIZE        =    163    ----
   CONSTANT SIZE    =   ----    ----
   XDATA SIZE       =   ----    ----
   PDATA SIZE       =   ----    ----
   DATA SIZE        =     15       7
   IDATA SIZE       =   ----    ----
   BIT SIZE         =   ----    ----
END OF MODULE INFORMATION.

C51 COMPILER V9.01   CALC                                                                  05/10/2016 23:03:05 PAGE 2   


C51 COMPILATION COMPLETE.  0 WARNING(S),  0 ERROR(S)
