C51 COMPILER V9.01   CALC                                                                  05/11/2016 21:03:58 PAGE 1   


C51 COMPILER V9.01, COMPILATION OF MODULE CALC
OBJECT MODULE PLACED IN .\LINKING\Output\calc.obj
COMPILER INVOKED BY: C:\Program Files (x86)\KEIL_v4\C51\BIN\C51.EXE USR\calc.c BROWSE INCDIR(.\DRI;.\SYS;.\USR) DEBUG OB
                    -JECTEXTEND PRINT(.\LINKING\Listings\calc.lst) OBJECT(.\LINKING\Output\calc.obj)

line level    source

   1          #include<reg52.h>
   2          #include<keyscan_basic.h>
   3          #include<hc165.h>
   4          int num_temp = 0;
   5          unsigned char buf[12];
   6          extern unsigned char step;
   7          unsigned char LongToString(int dat){
   8   1          signed char i = 0;
   9   1          unsigned char len = 0;
  10   1         
  11   1          if (dat < 0){
  12   2              dat = -dat;
  13   2              buf[0] = '-';
  14   2                      i++;
  15   2                      len++;
  16   2          }
  17   1         
  18   1          do {
  19   2              buf[i] = dat % 10;
  20   2                      i++;
  21   2              dat /= 10;
  22   2          } while (dat > 0);
  23   1          len += i; 
  24   1              return len;
  25   1      }
  26          
  27          int number_transfer(int key_transfer) {
  28   1      
  29   1              num_temp = num_temp*10 + key_transfer;
  30   1              return num_temp;
  31   1      }
  32          
  33          int number_calculate(int num_1, int num_2,unsigned char key) {
  34   1              int result;
  35   1              switch(key){
  36   2                      case 0x04: result = num_1 + num_2; break;
  37   2                      case 0x08: result = num_1 - num_2; break;
  38   2                      case 0x0C: result = num_1 * num_2; break;
  39   2              }
  40   1              return result;  
  41   1      } 
  42          


MODULE INFORMATION:   STATIC OVERLAYABLE
   CODE SIZE        =    158    ----
   CONSTANT SIZE    =   ----    ----
   XDATA SIZE       =   ----    ----
   PDATA SIZE       =   ----    ----
   DATA SIZE        =     14       2
   IDATA SIZE       =   ----    ----
   BIT SIZE         =   ----    ----
END OF MODULE INFORMATION.


C51 COMPILATION COMPLETE.  0 WARNING(S),  0 ERROR(S)
