C51 COMPILER V9.01   MAIN                                                                  05/12/2016 10:50:38 PAGE 1   


C51 COMPILER V9.01, COMPILATION OF MODULE MAIN
OBJECT MODULE PLACED IN .\LINKING\Output\main.obj
COMPILER INVOKED BY: C:\Program Files (x86)\KEIL_v4\C51\BIN\C51.EXE USR\main.c BROWSE INCDIR(.\DRI;.\SYS;.\USR) DEBUG OB
                    -JECTEXTEND PRINT(.\LINKING\Listings\main.lst) OBJECT(.\LINKING\Output\main.obj)

line level    source

   1          #include<reg52.h>
   2          #include<lcd.h>
   3          #include<hc165.h>
   4          #include<display.h>
   5          #include<calc.h>
   6          #include<I2C.h>
   7          #include<zlg7290.h>
   8          #include<keyscan_basic.h>
   9          #include<keyscan_advance.h>
  10          int tempKeytransfer_1 = 0;
  11          int tempNumtransfer_1 = 0;
  12          int tempKeytransfer_2 = 0;
  13          int tempNumtransfer_2 = 0;
  14          int resultTransfer;
  15          int result = 0;
  16          unsigned char step = 0;
  17          int temp_useless;
  18          int temp;
  19          extern int num_temp;
  20          void main(){
  21   1              unsigned char tempKeycode;
  22   1              hc165_init();
  23   1              I2C_Init();
  24   1              LcdInit();
  25   1              while(1){
  26   2                      Read_ZLG7290Key();
  27   2                      delayMS(200);
  28   2                      key_function();
  29   2                      if(key_press == 1 && step == 0) {
  30   3                              key_press = 0;
  31   3                              tempKeytransfer_1 = keyscan_transfer(key_code);
  32   3                              if(key_code != 0x04 && key_code != 0x08 && key_code != 0x0C && key_code != 0x10) {
  33   4                                      tempNumtransfer_1 = number_transfer(tempKeytransfer_1);
  34   4                                      disp_line(0);
  35   4                                      temp = lcd_numdisplay(tempNumtransfer_1);
  36   4                                      LcdWrCmd(0x80+temp);
  37   4                              }
  38   3                      }
  39   2                      if(key_press == 1 && step == 1) {
  40   3                              key_press = 0;
  41   3                              tempKeycode = key_code;
  42   3                              lcd_flagdisplay(keyscan_transfer(key_code));
  43   3                              num_temp = 0;
  44   3                      }
  45   2                      if(key_press == 1 && step == 2) {
  46   3                              key_press = 0;
  47   3                              tempKeytransfer_2 = keyscan_transfer(key_code);
  48   3                              if(key_code != 0x0F){
  49   4                                      tempNumtransfer_2 = number_transfer(tempKeytransfer_2);
  50   4                                      LcdWrCmd(0x80+temp+1);
  51   4                                      temp_useless = lcd_numdisplay(tempNumtransfer_2);
  52   4                              }
  53   3                      }
  54   2                      if(step == 3){  
C51 COMPILER V9.01   MAIN                                                                  05/12/2016 10:50:38 PAGE 2   

  55   3                              result = number_calculate(tempNumtransfer_1,tempNumtransfer_2,tempKeycode);
  56   3                              disp_line(1);
  57   3                              temp_useless = lcd_numdisplay(result);  
  58   3                      }
  59   2              }
  60   1      }


MODULE INFORMATION:   STATIC OVERLAYABLE
   CODE SIZE        =    226    ----
   CONSTANT SIZE    =   ----    ----
   XDATA SIZE       =   ----    ----
   PDATA SIZE       =   ----    ----
   DATA SIZE        =     17       1
   IDATA SIZE       =   ----    ----
   BIT SIZE         =   ----    ----
END OF MODULE INFORMATION.


C51 COMPILATION COMPLETE.  0 WARNING(S),  0 ERROR(S)
