C51 COMPILER V9.01   ZLG7290                                                               05/12/2016 10:50:39 PAGE 1   


C51 COMPILER V9.01, COMPILATION OF MODULE ZLG7290
OBJECT MODULE PLACED IN .\LINKING\Output\ZLG7290.obj
COMPILER INVOKED BY: C:\Program Files (x86)\KEIL_v4\C51\BIN\C51.EXE DRI\ZLG7290.c BROWSE INCDIR(.\DRI;.\SYS;.\USR) DEBUG
                    - OBJECTEXTEND PRINT(.\LINKING\Listings\ZLG7290.lst) OBJECT(.\LINKING\Output\ZLG7290.obj)

line level    source

   1          #include  "i2c.h"
   2          #include  "ZLG7290.h"
   3          #define EEPROM24C02     0xA0
   4          #define  ZLG7290    0x70     //–æ∆¨µÿ÷∑
   5          
   6          #define  SubKey     0x01 
   7          #define  SubCmdBuf  0x07
   8          #define  SubDpRam   0x10
   9          
  10          unsigned char key_code=0x4d;
  11          unsigned char key_press=0;
  12          
  13          void ZLG7290_ReadData(unsigned char address,unsigned char num)
  14          {
  15   1          IRcvStr(ZLG7290,address,I2C_temp,num);
  16   1      }
  17          
  18          
  19          void Read_ZLG7290Key(void)
  20          {
  21   1          char  usTmp;
  22   1          ZLG7290_ReadData(1,1);
  23   1          usTmp=I2C_temp[0];
  24   1          if(usTmp !=0)
  25   1          {
  26   2              if(usTmp<0x41)
  27   2              {
  28   3                  key_press=1;
  29   3                  key_code=usTmp;
  30   3              }
  31   2          }
  32   1      }
  33          
  34          void delayMS(unsigned int i)
  35          {
  36   1              unsigned int j,k;
  37   1              for(k=0;k<i;k++)
  38   1                      for(j=0;j<60;j++);
  39   1      }
  40          


MODULE INFORMATION:   STATIC OVERLAYABLE
   CODE SIZE        =     74    ----
   CONSTANT SIZE    =   ----    ----
   XDATA SIZE       =   ----    ----
   PDATA SIZE       =   ----    ----
   DATA SIZE        =      2    ----
   IDATA SIZE       =   ----    ----
   BIT SIZE         =   ----    ----
END OF MODULE INFORMATION.


C51 COMPILATION COMPLETE.  0 WARNING(S),  0 ERROR(S)
