C51 COMPILER V9.01   MAIN                                                                  04/12/2016 19:27:35 PAGE 1   


C51 COMPILER V9.01, COMPILATION OF MODULE MAIN
OBJECT MODULE PLACED IN main.OBJ
COMPILER INVOKED BY: C:\Keil_v4\C51\BIN\C51.EXE main.c BROWSE DEBUG OBJECTEXTEND

line level    source

   1          #include<reg52.h>
   2          #include<lcd.h>
   3          #include<hc165.h>
   4          #include<clock.h>
   5          #include<key.h>
   6          
   7          extern unsigned char j;
   8          extern clockTypeDef clock;
   9          extern unsigned char mode;
  10          extern int data second[3];
  11          extern unsigned char clearFlag;
  12          extern unsigned char startFlag;
  13          void main(){
  14   1              TH0 = 0xd8;
  15   1              TL0 = 0xf0;
  16   1              TMOD = 0x01;
  17   1              ET0 = 1;
  18   1              TR0 = 1;
  19   1              EA = 1;
  20   1              hc165_init();
  21   1              LcdInit();
  22   1              while(1){
  23   2                      if(mode == 0)
  24   2                              second_display();
  25   2                      else
  26   2                              time_display();
  27   2                      keyControl();   
  28   2              }       
  29   1      }
  30          
  31           void time_int0(void) interrupt 1 {
  32   1              unsigned char i;
  33   1              ET0 = 0;
  34   1              TR0 = 0;
  35   1              TH0 = 0xd8;//0x3c;
  36   1              TL0 = 0xf0;//0xb0;
  37   1              TR0 = 1;
  38   1              timeCalc();
  39   1              if(mode == 0 && startFlag == 0)
  40   1                      secondCalc();
  41   1              if(mode == 0 && clearFlag == 0) {
  42   2                      for(i = 0; i < 3; i++){
  43   3                              second[i] = 0;
  44   3                      }
  45   2                      startFlag = 1;
  46   2                      clearFlag = 1;
  47   2              }
  48   1              j = j + 1;
  49   1              ET0 = 1; 
  50   1      }
  51          


MODULE INFORMATION:   STATIC OVERLAYABLE
   CODE SIZE        =    147    ----
C51 COMPILER V9.01   MAIN                                                                  04/12/2016 19:27:35 PAGE 2   

   CONSTANT SIZE    =   ----    ----
   XDATA SIZE       =   ----    ----
   PDATA SIZE       =   ----    ----
   DATA SIZE        =   ----    ----
   IDATA SIZE       =   ----    ----
   BIT SIZE         =   ----    ----
END OF MODULE INFORMATION.


C51 COMPILATION COMPLETE.  0 WARNING(S),  0 ERROR(S)
